<testsuites name="results">
  <testsuite name="all" package="all">
    <property name="random_seed" value="1773999456" />
    <testcase name="test_register_reset" classname="test_register" file="/Users/key/projects/hardware/tiny_tester/test/test_register.py" lineno="16" time="0.0008580684661865234" sim_time_ns="10.0" ratio_time="11654.081689358156" />
    <testcase name="test_register_load" classname="test_register" file="/Users/key/projects/hardware/tiny_tester/test/test_register.py" lineno="28" time="0.0004150867462158203" sim_time_ns="22.0" ratio_time="53000.969557725446" />
    <testcase name="test_register_hold" classname="test_register" file="/Users/key/projects/hardware/tiny_tester/test/test_register.py" lineno="42" time="0.0004019737243652344" sim_time_ns="31.999999999999993" ratio_time="79607.1933570581" />
    <testcase name="test_register_sequential" classname="test_register" file="/Users/key/projects/hardware/tiny_tester/test/test_register.py" lineno="64" time="0.000797271728515625" sim_time_ns="91.99999999999999" ratio_time="115393.53110047845" />
    <testcase name="test_register_random" classname="test_register" file="/Users/key/projects/hardware/tiny_tester/test/test_register.py" lineno="79" time="0.007752895355224609" sim_time_ns="1011.9999999999999" ratio_time="130531.87920536316" />
  </testsuite>
</testsuites>